1785738272,,,/home/dark/01-MyData/Programming/Python/Harvard CS50_s Introduction to Programming with Python – Full University Course(1080P_HD).mp4,148
1785738315,,,/home/dark/01-MyData/Programming/Python/Harvard CS50_s Introduction to Programming with Python – Full University Course(1080P_HD).mp4,148
1785902547,,,/home/dark/01-MyData/Networking&Cybersecurity/CCNA/Free CCNA _ Network Devices _ Day 1 _ CCNA 200-301 Complete Course(720P_HD).mp4,143
1785916967,,,/home/dark/Downloads/The Complete Bash Scripting Course - Full Length Guide to learning the Bash Shell [Sx9zG7wa4FA].mp4,133
1785979911,40,The Complete Bash Scripting Course (pt1),/home/dark/01-MyData/Bash_Scripting/Bash-Scripting/001 - The Complete Bash Scripting Course (pt1).mp4,156
1785980179,40,The Complete Bash Scripting Course (pt1),/home/dark/01-MyData/Bash_Scripting/Bash-Scripting/001 - The Complete Bash Scripting Course (pt1).mp4,156
1785984773,40,The Complete Bash Scripting Course (pt1),/home/dark/01-MyData/Bash_Scripting/Bash-Scripting/001 - The Complete Bash Scripting Course (pt1).mp4,156
1785984945,40,The Complete Bash Scripting Course (pt1),/home/dark/01-MyData/Bash_Scripting/Bash-Scripting/001 - The Complete Bash Scripting Course (pt1).mp4,156
1785985146,40,The Complete Bash Scripting Course (pt1),/home/dark/01-MyData/Bash_Scripting/Bash-Scripting/001 - The Complete Bash Scripting Course (pt1).mp4,156
1785985503,73,Terminal and Finder (files on the terminal) - Bash Scripting Course (pt2),/home/dark/01-MyData/Bash_Scripting/Bash-Scripting/002 - Terminal and Finder (files on the terminal) - Bash Scripting Course (pt2).mp4,222
1785986122,69,Basic File Manipulation on the Terminal - Bash Scripting Course (pt3),/home/dark/01-MyData/Bash_Scripting/Bash-Scripting/003 - Basic File Manipulation on the Terminal - Bash Scripting Course (pt3).mp4,214
1785986612,58,Hidden Files on the terminal - Bash Scripting Course (pt4),/home/dark/01-MyData/Bash_Scripting/Bash-Scripting/004 - Hidden Files on the terminal - Bash Scripting Course (pt4).mp4,192
1785989577,61,Searching in Files using `grep` - Bash Scripting Course (pt5),/home/dark/01-MyData/Bash_Scripting/Bash-Scripting/005 - Searching in Files using `grep` - Bash Scripting Course (pt5).mp4,198
1785990172,66,Paging Files using `less` and `more` - Bash Scripting Course (pt6),/home/dark/01-MyData/Bash_Scripting/Bash-Scripting/006 - Paging Files using `less` and `more` - Bash Scripting Course (pt6).mp4,208
1786078471,40,The Complete Bash Scripting Course (pt1),/home/dark/01-MyData/Bash_Scripting/Bash-Scripting/001 - The Complete Bash Scripting Course (pt1).mp4,156
1786078484,66,Paging Files using `less` and `more` - Bash Scripting Course (pt6),/home/dark/01-MyData/Bash_Scripting/Bash-Scripting/006 - Paging Files using `less` and `more` - Bash Scripting Course (pt6).mp4,208
1786082559,66,Paging Files using `less` and `more` - Bash Scripting Course (pt6),/home/dark/01-MyData/Bash_Scripting/Bash-Scripting/006 - Paging Files using `less` and `more` - Bash Scripting Course (pt6).mp4,208
1786082575,73,Man Pages and finding command documentation - Bash Scripting Course (pt7),/home/dark/01-MyData/Bash_Scripting/Bash-Scripting/007 - Man Pages and finding command documentation - Bash Scripting Course (pt7).mp4,222
1786083330,51,Programs and Commands - Bash Scripting Course (pt8),/home/dark/01-MyData/Bash_Scripting/Bash-Scripting/008 - Programs and Commands - Bash Scripting Course (pt8).mp4,178
1786588075,40,The Complete Bash Scripting Course (pt1),/home/dark/Videos/ytdl/Bash-Scripting/001 - The Complete Bash Scripting Course (pt1).mp4,143
1786589086,73,Finally Scripting (your first Bash Script) - Bash Scripting Course (pt12),/home/dark/01-MyData/Bash-Scripting/012 - Finally Scripting (your first Bash Script) - Bash Scripting Course (pt12).mp4,207
1786589363,40,The Complete Bash Scripting Course (pt1),/home/dark/01-MyData/01-Bash/Bash-Scripting/001 - The Complete Bash Scripting Course (pt1).mp4,149
1786589370,40,The Complete Bash Scripting Course (pt1),/home/dark/01-MyData/01-Bash/Bash-Scripting/001 - The Complete Bash Scripting Course (pt1).mp4,149
1786589390,73,User Input (taking user input in a script) - Bash Scripting Course (pt13),/home/dark/01-MyData/01-Bash/Bash-Scripting/013 - User Input (taking user input in a script) - Bash Scripting Course (pt13).mp4,215
1786589418,73,Finally Scripting (your first Bash Script) - Bash Scripting Course (pt12),/home/dark/01-MyData/01-Bash/Bash-Scripting/012 - Finally Scripting (your first Bash Script) - Bash Scripting Course (pt12).mp4,215
1786597396,73,User Input (taking user input in a script) - Bash Scripting Course (pt13),/home/dark/01-MyData/01-Bash/Bash-Scripting/013 - User Input (taking user input in a script) - Bash Scripting Course (pt13).mp4,215
